// Jest Snapshot v1, https://goo.gl/fbAQLP

exports[`Page renders a themed PageHeader component 1`] = `
<PageSFC
  className="sc-bdVaJa kyKWdW"
  theme={
    Object {
      "hoverStatusBorderColor": "#F00000",
      "pageBackgroundColor": "#ffffff",
      "pageHeaderBgColor": "#222222",
      "pageMainTextColor": "#000000",
      "pageTitleColor": "#ffffff",
      "statusBorderColor": "#666666",
      "todoCardBorderColor": "#666666",
    }
  }
>
  <div>
    Some text here
  </div>
</PageSFC>
`;

exports[`Page renders a themed PageHeader component 2`] = `
<div
  className="sc-bdVaJa kyKWdW"
>
  <div>
    Some text here
  </div>
</div>
`;
