// Jest Snapshot v1, https://goo.gl/fbAQLP

exports[`Selector renders a component 1`] = `
<div
  className={undefined}
>
  <select
    onChange={[Function]}
    value="LIGHT_THEME"
  >
    <option
      value="DARK_THEME"
    >
      Dark
    </option>
    <option
      value="LIGHT_THEME"
    >
      Light
    </option>
  </select>
</div>
`;

exports[`ThemeSelector renders a component 1`] = `
<Selector
  changeTheme={[MockFunction]}
  className="sc-bdVaJa iloGcu"
  theme={
    Object {
      "hoverStatusBorderColor": "#222222",
      "pageBackgroundColor": "#ffffff",
      "pageHeaderBgColor": "#222222",
      "pageMainTextColor": "#000000",
      "pageTitleColor": "#ffffff",
      "statusBorderColor": "#666666",
      "todoCardBorderColor": "#666666",
    }
  }
/>
`;
