// Jest Snapshot v1, https://goo.gl/fbAQLP

exports[`Selector renders a component 1`] = `
<div
  className={undefined}
>
  <select
    data-role="theme-selector"
    onChange={[Function]}
    value="LIGHT_THEME"
  >
    <option
      value="DARK_THEME"
    >
      Dark
    </option>
    <option
      value="LIGHT_THEME"
    >
      Light
    </option>
  </select>
</div>
`;
