// Jest Snapshot v1, https://goo.gl/fbAQLP

exports[`PageHeader renders a themed PageHeader component 1`] = `
<Wrapper
  className="sc-bdVaJa erXgsM"
  theme={
    Object {
      "hoverStatusBorderColor": "#222222",
      "pageBackgroundColor": "#ffffff",
      "pageHeaderBgColor": "#222222",
      "pageMainTextColor": "#000000",
      "pageTitleColor": "#ffffff",
      "statusBorderColor": "#666666",
      "todoCardBorderColor": "#666666",
    }
  }
>
  <div>
    Some text here
  </div>
</Wrapper>
`;
