// Jest Snapshot v1, https://goo.gl/fbAQLP

exports[`PageTitle renders a themed PageTitle component 1`] = `
<Title
  className="sc-bxivhb eARnsh"
  theme={[ThemeObject]}
>
  Some text here
</Title>
`;

exports[`PageTitle renders a themed PageTitle component 2`] = `
<styled.h1
  className="sc-bxivhb eARnsh"
>
  Some text here
</styled.h1>
`;
