// Jest Snapshot v1, https://goo.gl/fbAQLP

exports[`PageTitle renders a themed PageTitle component 1`] = `
<Title
  className="sc-bxivhb eARnsh"
  theme={
    Object {
      "hoverStatusBorderColor": "#222222",
      "pageBackgroundColor": "#ffffff",
      "pageHeaderBgColor": "#222222",
      "pageMainTextColor": "#000000",
      "pageTitleColor": "#ffffff",
      "statusBorderColor": "#666666",
      "todoCardBorderColor": "#666666",
    }
  }
>
  Some text here
</Title>
`;
