// Jest Snapshot v1, https://goo.gl/fbAQLP

exports[`PageHeader renders a themed PageHeader component 1`] = `
<Header
  className="sc-bdVaJa iwfSKB"
  theme={
    Object {
      "hoverStatusBorderColor": "#F00000",
      "pageBackgroundColor": "#ffffff",
      "pageHeaderBgColor": "#222222",
      "pageMainTextColor": "#000000",
      "pageTitleColor": "#ffffff",
      "statusBorderColor": "#666666",
      "todoCardBorderColor": "#666666",
    }
  }
>
  <div>
    Some text here
  </div>
</Header>
`;

exports[`PageHeader renders a themed PageHeader component 2`] = `
<header
  className="sc-bdVaJa iwfSKB"
>
  <div>
    Some text here
  </div>
</header>
`;
