// Jest Snapshot v1, https://goo.gl/fbAQLP

exports[`PageLayout renders a component 1`] = `
<ThemeProvider
  theme={[ThemeObject]}
>
  <Page
    theme={[ThemeObject]}
  >
    <PageHeader
      theme={[ThemeObject]}
    >
      <PageTitle
        theme={[ThemeObject]}
      >
        Welcome to TodoApp
      </PageTitle>
      <ThemeSelector
        changeTheme={[MockFunction]}
        theme={[ThemeObject]}
      />
    </PageHeader>
    <PageContentHolder>
      <div>
        Children
      </div>
    </PageContentHolder>
  </Page>
</ThemeProvider>
`;
