// Jest Snapshot v1, https://goo.gl/fbAQLP

exports[`PageLayout renders a component 1`] = `
<ThemeProvider
  theme={
    Object {
      "hoverStatusBorderColor": "#F00000",
      "pageBackgroundColor": "#ffffff",
      "pageHeaderBgColor": "#222222",
      "pageMainTextColor": "#000000",
      "pageTitleColor": "#ffffff",
      "statusBorderColor": "#666666",
      "todoCardBorderColor": "#666666",
    }
  }
>
  <Page
    theme={
      Object {
        "hoverStatusBorderColor": "#F00000",
        "pageBackgroundColor": "#ffffff",
        "pageHeaderBgColor": "#222222",
        "pageMainTextColor": "#000000",
        "pageTitleColor": "#ffffff",
        "statusBorderColor": "#666666",
        "todoCardBorderColor": "#666666",
      }
    }
  >
    <PageHeader
      theme={
        Object {
          "hoverStatusBorderColor": "#F00000",
          "pageBackgroundColor": "#ffffff",
          "pageHeaderBgColor": "#222222",
          "pageMainTextColor": "#000000",
          "pageTitleColor": "#ffffff",
          "statusBorderColor": "#666666",
          "todoCardBorderColor": "#666666",
        }
      }
    >
      <PageTitle
        theme={
          Object {
            "hoverStatusBorderColor": "#F00000",
            "pageBackgroundColor": "#ffffff",
            "pageHeaderBgColor": "#222222",
            "pageMainTextColor": "#000000",
            "pageTitleColor": "#ffffff",
            "statusBorderColor": "#666666",
            "todoCardBorderColor": "#666666",
          }
        }
      >
        Welcome to TodoApp
      </PageTitle>
      <ThemeSelector
        changeTheme={[MockFunction]}
        theme={
          Object {
            "hoverStatusBorderColor": "#F00000",
            "pageBackgroundColor": "#ffffff",
            "pageHeaderBgColor": "#222222",
            "pageMainTextColor": "#000000",
            "pageTitleColor": "#ffffff",
            "statusBorderColor": "#666666",
            "todoCardBorderColor": "#666666",
          }
        }
      />
    </PageHeader>
    <PageContentHolder>
      <div>
        Children
      </div>
    </PageContentHolder>
  </Page>
</ThemeProvider>
`;
