// Jest Snapshot v1, https://goo.gl/fbAQLP

exports[`TodosContainer renders a component 1`] = `
<LoadingIndicator
  loadingState="COMPLETE"
>
  <TodosList
    todos={
      Array [
        Object {
          "goal": "Goal",
          "id": "some-id",
          "status": "NOT_STARTED",
          "steps": Array [],
          "title": "Title",
        },
      ]
    }
  />
</LoadingIndicator>
`;
